// Jest Snapshot v1, https://goo.gl/fbAQLP

exports[`supports fragments 1`] = `
<View
  collapsable={true}
  pointerEvents="box-none"
  style={
    Object {
      "flex": 1,
    }
  }
>
  <View>
    <Text>
      Fragments are pretty cool!
    </Text>
  </View>
</View>
`;
